                                                 Super Span
                        ¯¯¯¯¯¯¯¯¯¯¯¯¯¯¯¯¯¯¯¯¯¯¯¯¯¯¯¯¯¯¯¯¯¯¯¯¯¯¯¯¯¯¯¯¯¯¯¯¯¯¯¯¯¯¯¯¯¯¯
                                 Span 1                        Span 2
                        ¯¯¯¯¯¯¯¯¯¯¯¯¯¯¯¯¯¯¯¯¯¯¯ ¯¯¯¯¯¯¯¯¯¯¯¯¯¯¯¯¯¯¯¯¯¯¯¯¯¯¯¯¯¯¯¯¯¯¯
                        col1        col2        col3        col4        col5
                        ¯¯¯¯¯¯¯¯¯¯¯¯¯¯¯¯¯¯¯¯¯¯¯¯¯¯¯¯¯¯¯¯¯¯¯¯¯¯¯¯¯¯¯¯¯¯¯¯¯¯¯¯¯¯¯¯¯¯¯
                        AAAAAAAAA B AAAAAAAAA B AAAAAAAAA B AAAAAAAAA B AAAAAAAAA B
                        AAAAAAAAA B AAAAAAAAA B AAAAAAAAA B AAAAAAAAA B AAAAAAAAA B
                        AAAAAAAAA B AAAAAAAAA B AAAAAAAAA B AAAAAAAAA B AAAAAAAAA B
                        AAAAAAAAA B AAAAAAAAA B AAAAAAAAA B AAAAAAAAA B AAAAAAAAA B
                        AAAAAAAAA B AAAAAAAAA B AAAAAAAAA B AAAAAAAAA B AAAAAAAAA B
                        AAAAAAAAA B AAAAAAAAA B AAAAAAAAA B AAAAAAAAA B AAAAAAAAA B
                        AAAAAAAAA B AAAAAAAAA B AAAAAAAAA B AAAAAAAAA B AAAAAAAAA B
                        AAAAAAAAA B AAAAAAAAA B AAAAAAAAA B AAAAAAAAA B AAAAAAAAA B
                        AAAAAAAAA B AAAAAAAAA B AAAAAAAAA B AAAAAAAAA B AAAAAAAAA B
                        AAAAAAAAA B AAAAAAAAA B AAAAAAAAA B AAAAAAAAA B AAAAAAAAA B





























