Line 1                                                                                       Right Line
Line 2                                                                                                 
MTCARS Data Frame

  vehicle                            mpg                     vs                      cyl   disp   hp
  --------------------------------------------------------------------------------------------------
  Mazda RX4                          21                      0                         6    160  110
  Mazda RX4 Wag                      21                      0                         6    160  110
  Datsun 710                         22.8                    1                         4    108   93
  Hornet 4 Drive                     21.4                    1                         6    258  110
  Hornet Sportabout                  18.7                    0                         8    360  175
  Valiant                            18.1                    1                         6    225  105
  Duster 360                         14.3                    0                         8    360  245
  Merc 240D                          24.4                    1                         4  146.7   62
  Merc 230                           22.8                    1                         4  140.8   95
  Merc 280                           19.2                    1                         6  167.6  123
  Merc 280C                          17.8                    1                         6  167.6  123
  Merc 450SE                         16.4                    0                         8  275.8  180
  Merc 450SL                         17.3                    0                         8  275.8  180
  Merc 450SLC                        15.2                    0                         8  275.8  180
  Cadillac Fleetwood                 10.4                    0                         8    472  205
  Lincoln Continental                10.4                    0                         8    460  215
  Chrysler Imperial                  14.7                    0                         8    440  230
  Fiat 128                           32.4                    1                         4   78.7   66
  Honda Civic                        30.4                    1                         4   75.7   52
  Toyota Corolla                     33.9                    1                         4   71.1   65
  Toyota Corona                      21.5                    1                         4  120.1   97
  Dodge Challenger                   15.5                    0                         8    318  150
  AMC Javelin                        15.2                    0                         8    304  150
  Camaro Z28                         13.3                    0                         8    350  245
  Pontiac Firebird                   19.2                    0                         8    400  175
  Fiat X1-9                          27.3                    1                         4     79   66
  Porsche 914-2                      26                      0                         4  120.3   91
  Lotus Europa                       30.4                    1                         4   95.1  113
  Ford Pantera L                     15.8                    0                         8    351  264
  Ferrari Dino                       19.7                    0                         6    145  175
  Maserati Bora                      15                      0                         8    301  335
  Volvo 142E                         21.4                    1                         4    121  109





Footer Line 1                                                                                          
Footer Line 2                                                                         Footer Right Line
Line 1                                                                                       Right Line
Line 2                                                                                                 
MTCARS Data Frame

vehicle                            mpg                     vs                       drat     wt   qsec
------------------------------------------------------------------------------------------------------
Mazda RX4                          21                      0                         3.9   2.62  16.46
Mazda RX4 Wag                      21                      0                         3.9  2.875  17.02
Datsun 710                         22.8                    1                        3.85   2.32  18.61
Hornet 4 Drive                     21.4                    1                        3.08  3.215  19.44
Hornet Sportabout                  18.7                    0                        3.15   3.44  17.02
Valiant                            18.1                    1                        2.76   3.46  20.22
Duster 360                         14.3                    0                        3.21   3.57  15.84
Merc 240D                          24.4                    1                        3.69   3.19     20
Merc 230                           22.8                    1                        3.92   3.15   22.9
Merc 280                           19.2                    1                        3.92   3.44   18.3
Merc 280C                          17.8                    1                        3.92   3.44   18.9
Merc 450SE                         16.4                    0                        3.07   4.07   17.4
Merc 450SL                         17.3                    0                        3.07   3.73   17.6
Merc 450SLC                        15.2                    0                        3.07   3.78     18
Cadillac Fleetwood                 10.4                    0                        2.93   5.25  17.98
Lincoln Continental                10.4                    0                           3  5.424  17.82
Chrysler Imperial                  14.7                    0                        3.23  5.345  17.42
Fiat 128                           32.4                    1                        4.08    2.2  19.47
Honda Civic                        30.4                    1                        4.93  1.615  18.52
Toyota Corolla                     33.9                    1                        4.22  1.835   19.9
Toyota Corona                      21.5                    1                         3.7  2.465  20.01
Dodge Challenger                   15.5                    0                        2.76   3.52  16.87
AMC Javelin                        15.2                    0                        3.15  3.435   17.3
Camaro Z28                         13.3                    0                        3.73   3.84  15.41
Pontiac Firebird                   19.2                    0                        3.08  3.845  17.05
Fiat X1-9                          27.3                    1                        4.08  1.935   18.9
Porsche 914-2                      26                      0                        4.43   2.14   16.7
Lotus Europa                       30.4                    1                        3.77  1.513   16.9
Ford Pantera L                     15.8                    0                        4.22   3.17   14.5
Ferrari Dino                       19.7                    0                        3.62   2.77   15.5
Maserati Bora                      15                      0                        3.54   3.57   14.6
Volvo 142E                         21.4                    1                        4.11   2.78   18.6





Footer Line 1                                                                                          
Footer Line 2                                                                         Footer Right Line
Line 1                                                                                       Right Line
Line 2                                                                                                 
MTCARS Data Frame

   vehicle                            mpg                     vs                      am gear carb
   -----------------------------------------------------------------------------------------------
   Mazda RX4                          21                      0                        1    4    4
   Mazda RX4 Wag                      21                      0                        1    4    4
   Datsun 710                         22.8                    1                        1    4    1
   Hornet 4 Drive                     21.4                    1                        0    3    1
   Hornet Sportabout                  18.7                    0                        0    3    2
   Valiant                            18.1                    1                        0    3    1
   Duster 360                         14.3                    0                        0    3    4
   Merc 240D                          24.4                    1                        0    4    2
   Merc 230                           22.8                    1                        0    4    2
   Merc 280                           19.2                    1                        0    4    4
   Merc 280C                          17.8                    1                        0    4    4
   Merc 450SE                         16.4                    0                        0    3    3
   Merc 450SL                         17.3                    0                        0    3    3
   Merc 450SLC                        15.2                    0                        0    3    3
   Cadillac Fleetwood                 10.4                    0                        0    3    4
   Lincoln Continental                10.4                    0                        0    3    4
   Chrysler Imperial                  14.7                    0                        0    3    4
   Fiat 128                           32.4                    1                        1    4    1
   Honda Civic                        30.4                    1                        1    4    2
   Toyota Corolla                     33.9                    1                        1    4    1
   Toyota Corona                      21.5                    1                        0    3    1
   Dodge Challenger                   15.5                    0                        0    3    2
   AMC Javelin                        15.2                    0                        0    3    2
   Camaro Z28                         13.3                    0                        0    3    4
   Pontiac Firebird                   19.2                    0                        0    3    2
   Fiat X1-9                          27.3                    1                        1    4    1
   Porsche 914-2                      26                      0                        1    5    2
   Lotus Europa                       30.4                    1                        1    5    2
   Ford Pantera L                     15.8                    0                        1    5    4
   Ferrari Dino                       19.7                    0                        1    5    6
   Maserati Bora                      15                      0                        1    5    8
   Volvo 142E                         21.4                    1                        1    4    2





Footer Line 1                                                                                          
Footer Line 2                                                                         Footer Right Line
