Experis                                                                                            Study ABC
                                                                                              Status: Closed
                                                 Table 1.0                                                  
                                       Analysis Data Subject Listing                                        
                                             Safety Population                                              

           subjid name                  sex                                           age arm               
          ---------------------------------------------------------------------------------------           

              100 Quintana, Gabriel     Male                                           41 A                 
              101 Allison, Blas         Female                                         53 A                 
              102 Minniear, Presley     Female                                         43 A                 
              103 al-Kazemi, Najwa      Male                                           39 A                 
              104 Schaffer, Ashley      Male                                           47 A                 

































Program Name: table1_0.R                                                                                    

2020-08-13 20:01:28                             Confidential                                     Page X of Y
Experis                                                                                            Study ABC
                                                                                              Status: Closed
                                                 Table 1.0                                                  
                                       Analysis Data Subject Listing                                        
                                             Safety Population                                              

                   subjid name                       sex    age arm                                         
                  -----------------------------------------------------------------------                   
                     105 Laner, Tahma               Female    52% Treatment 1                               
                     106 Perry, Sean                Male      21% Treatment 1                               
                     107 Crews, Deshawn Joseph      Female    38% Treatment 1                               
                     108 Person, Ladon              Female    62% Treatment 1                               
                     109 Smith, Shaileigh           Male      26% Treatment 1                               


































Program Name: table1_0.R                                                                                    

2020-08-13 20:01:28                             Confidential                                     Page X of Y
